exports[`test Home component should render as expected 1`] = `
<div>
  <Post
    content="One of the easiest ways to get a job in the early GitHub days was to work on one of our open source projects. We’d start to recognize your username and ability, and you’d be able to get a better idea of how we operated internally. For a small, scrappy, bootstrapped company, this was a huge time saver for us early on. One of the easiest ways to get a job in the early GitHub days was to work on one of our open source projects. We’d start to recognize your username and ability, and you’d be able to get a better idea of how we operated internally. For a small, scrappy, bootstrapped company, this was a huge time saver for us early on. One of the easiest ways to get a job in the early GitHub days was to work on one of our open source projects. We’d start to recognize your username and ability, and you’d be able to get a better idea of how we operated internally. For a small, scrappy, bootstrapped company, this was a huge time saver for us early on. One of the easiest ways to get a job in the early GitHub days was to work on one of our open source projects. We’d start to recognize your username and ability, and you’d be able to get a better idea of how we operated internally. For a small, scrappy, bootstrapped company, this was a huge time saver for us early on. One of the easiest ways to get a job in the early GitHub days was to work on one of our open source projects. We’d start to recognize your username and ability, and you’d be able to get a better idea of how we operated internally. For a small, scrappy, bootstrapped company, this was a huge time saver for us early on. One of the easiest ways to get a job in the early GitHub days was to work on one of our open source projects. We’d start to recognize your username and ability, and you’d be able to get a better idea of how we operated internally. For a small, scrappy, bootstrapped company, this was a huge time saver for us early on."
    excerpt="One of the easiest ways to get a job in the early GitHub days was to work on one of our open source projects. We’d start to recognize your username and ability, and you’d be able to get a better idea of how we operated internally. For a small, scrappy, bootstrapped company, this was a huge time saver for us early on."
    slug="how-to-build-a-progressive-web-app-with-react"
    title="How to build a progressive web app with React"
    titleLink={true} />
  <Post
    content="One of the easiest ways to get a job in the early GitHub days was to work on one of our open source projects. We’d start to recognize your username and ability, and you’d be able to get a better idea of how we operated internally. For a small, scrappy, bootstrapped company, this was a huge time saver for us early on. One of the easiest ways to get a job in the early GitHub days was to work on one of our open source projects. We’d start to recognize your username and ability, and you’d be able to get a better idea of how we operated internally. For a small, scrappy, bootstrapped company, this was a huge time saver for us early on. One of the easiest ways to get a job in the early GitHub days was to work on one of our open source projects. We’d start to recognize your username and ability, and you’d be able to get a better idea of how we operated internally. For a small, scrappy, bootstrapped company, this was a huge time saver for us early on. One of the easiest ways to get a job in the early GitHub days was to work on one of our open source projects. We’d start to recognize your username and ability, and you’d be able to get a better idea of how we operated internally. For a small, scrappy, bootstrapped company, this was a huge time saver for us early on. One of the easiest ways to get a job in the early GitHub days was to work on one of our open source projects. We’d start to recognize your username and ability, and you’d be able to get a better idea of how we operated internally. For a small, scrappy, bootstrapped company, this was a huge time saver for us early on. One of the easiest ways to get a job in the early GitHub days was to work on one of our open source projects. We’d start to recognize your username and ability, and you’d be able to get a better idea of how we operated internally. For a small, scrappy, bootstrapped company, this was a huge time saver for us early on."
    excerpt="One of the easiest ways to get a job in the early GitHub days was to work on one of our open source projects. We’d start to recognize your username and ability, and you’d be able to get a better idea of how we operated internally. For a small, scrappy, bootstrapped company, this was a huge time saver for us early on."
    slug="how-to-build-a-progressive-web-app-with-react"
    title="How to build a progressive web app with React"
    titleLink={true} />
</div>
`;

exports[`test Home component should render as expected 2`] = `
<div>
  <p>
    Awaiting Post 
  </p>
</div>
`;
