exports[`test Header component should render as expected 1`] = `
<header
  className="header">
  <div
    className="container">
    <h1
      className="title">
      PWA SEED
    </h1>
    <nav>
      <ul
        className="list">
        <li
          className="listItem">
          <Link
            className="link"
            replace={false}
            to="/">
             Home 
          </Link>
        </li>
        <li
          className="listItem">
          <Link
            className="link"
            replace={false}
            to="/about">
             About 
          </Link>
        </li>
      </ul>
    </nav>
  </div>
</header>
`;
