exports[`test NotFound component should render as expected 1`] = `
<h1>
  Hey you nigger, nothing to see here >:(
</h1>
`;
