exports[`test About component should render as expected 1`] = `
<div>
  <h1
    className="heading">
    Hi, I am Saul
  </h1>
  <p
    className="bio">
    This section is all about me, Yey!
  </p>
</div>
`;
